// Jest Snapshot v1, https://goo.gl/fbAQLP

exports[`create 1`] = `"eyJhbGciOiJFUzI1NksiLCJraWQiOiJkaWQ6a2V5OnpRM3NoYXdBaXdSYTNZYk1pdEFjQ3lUOVBocVBneTRRNG8xdmE4d3pWeXo5TG5laDcjelEzc2hhd0Fpd1JhM1liTWl0QWNDeVQ5UGhxUGd5NFE0bzF2YTh3elZ5ejlMbmVoNyJ9.eyJoZWxsbyI6IndvcmxkIn0.fKrDCxEnUEAI4S0eP62Dsa0Sh8A6Z9F88eKdoyvj6ZgKToFClHYL4EsYJ7tYjzotk3eO0qdsgjtcDHt4OAZvLA"`;

exports[`decode ok 1`] = `
Object {
  "header": Object {
    "alg": "ES256K",
    "kid": "did:key:zQ3shawAiwRa3YbMitAcCyT9PhqPgy4Q4o1va8wzVyz9Lneh7#zQ3shawAiwRa3YbMitAcCyT9PhqPgy4Q4o1va8wzVyz9Lneh7",
  },
  "payload": Object {
    "hello": "world",
  },
  "signature": Uint8Array [
    124,
    170,
    195,
    11,
    17,
    39,
    80,
    64,
    8,
    225,
    45,
    30,
    63,
    173,
    131,
    177,
    173,
    18,
    135,
    192,
    58,
    103,
    209,
    124,
    241,
    226,
    157,
    163,
    43,
    227,
    233,
    152,
    10,
    78,
    129,
    66,
    148,
    118,
    11,
    224,
    75,
    24,
    39,
    187,
    88,
    143,
    58,
    45,
    147,
    119,
    142,
    210,
    167,
    108,
    130,
    59,
    92,
    12,
    123,
    120,
    56,
    6,
    111,
    44,
  ],
}
`;
